[1029/8074] 今津: missing (elapsed 0.1m, ok=0 miss=1)
[1034/8074] 今里: missing (elapsed 0.3m, ok=4 miss=2)
[1050/8074] 代田橋: ok (elapsed 0.7m, ok=20 miss=2)
[1059/8074] 伊丹: missing (elapsed 1.0m, ok=28 miss=3)
[1075/8074] 伊予小松: ok (elapsed 1.4m, ok=44 miss=3)
[1100/8074] 伊勢朝日: ok (elapsed 1.8m, ok=69 miss=3)
[1116/8074] 伊納: missing (elapsed 2.3m, ok=84 miss=4)
[1125/8074] 伊豆高原: ok (elapsed 2.5m, ok=93 miss=4)
[1129/8074] 伊賀和志: missing (elapsed 2.6m, ok=96 miss=5)
[1147/8074] 伊野: missing (elapsed 3.0m, ok=113 miss=6)
[1150/8074] 伊野駅前: ok (elapsed 3.1m, ok=116 miss=6)
[1156/8074] 伏見: missing (elapsed 3.3m, ok=121 miss=7)
[1170/8074] 伝馬町: missing (elapsed 3.6m, ok=134 miss=8)
[1175/8074] 伽羅橋: ok (elapsed 3.7m, ok=139 miss=8)
[1180/8074] 住吉: missing (elapsed 3.9m, ok=143 miss=9)
[1181/8074] 住吉公園: missing (elapsed 3.9m, ok=143 miss=10)
[1200/8074] 佐古木: ok (elapsed 4.3m, ok=162 miss=10)
[1202/8074] 佐和: missing (elapsed 4.4m, ok=163 miss=11)
[1222/8074] 体験坑道: missing (elapsed 4.8m, ok=182 miss=12)
[1225/8074] 余市: ok (elapsed 4.9m, ok=185 miss=12)
[1230/8074] 作木口: missing (elapsed 5.1m, ok=189 miss=13)
[1232/8074] 依那古: missing (elapsed 5.2m, ok=190 miss=14)
[1238/8074] 保田: missing (elapsed 5.3m, ok=195 miss=15)
[1243/8074] 信木: missing (elapsed 5.5m, ok=199 miss=16)
[1250/8074] 信濃川田: missing (elapsed 5.7m, ok=205 miss=17)
[1258/8074] 信砂: missing (elapsed 5.9m, ok=212 miss=18)
[1275/8074] 健軍町: ok (elapsed 6.2m, ok=229 miss=18)
[1276/8074] 傘松: missing (elapsed 6.3m, ok=229 miss=19)
[1300/8074] 備後赤坂: ok (elapsed 6.9m, ok=253 miss=19)
[1306/8074] 元山: missing (elapsed 7.1m, ok=258 miss=20)
[1309/8074] 元町: missing (elapsed 7.2m, ok=260 miss=21)
[1321/8074] 光風台: missing (elapsed 7.6m, ok=271 miss=22)
[1322/8074] 免田: missing (elapsed 7.6m, ok=271 miss=23)
[1325/8074] 兜: ok (elapsed 7.7m, ok=274 miss=23)
[1334/8074] 入谷: missing (elapsed 7.9m, ok=282 miss=24)
[1335/8074] 入野: missing (elapsed 8.0m, ok=282 miss=25)
[1338/8074] 八丁堀: missing (elapsed 8.2m, ok=284 miss=26)
[1350/8074] 八千代町: ok (elapsed 8.5m, ok=296 miss=26)
[1353/8074] 八坂: missing (elapsed 8.6m, ok=298 miss=27)
[1359/8074] 八幡: missing (elapsed 8.8m, ok=303 miss=28)
[1360/8074] 八幡前: missing (elapsed 8.9m, ok=303 miss=29)
[1375/8074] 八木山動物公園: ok (elapsed 9.2m, ok=318 miss=29)
[1385/8074] 八栗山上: missing (elapsed 9.5m, ok=327 miss=30)
[1387/8074] 八栗登山口: missing (elapsed 9.6m, ok=328 miss=31)
[1400/8074] 八軒: ok (elapsed 9.8m, ok=341 miss=31)
[1422/8074] 六地蔵: missing (elapsed 10.3m, ok=362 miss=32)
[1425/8074] 六本木: ok (elapsed 10.4m, ok=365 miss=32)
[1438/8074] 六軒: missing (elapsed 10.7m, ok=377 miss=33)
[1450/8074] 内幸町: ok (elapsed 11.1m, ok=389 miss=33)
[1451/8074] 内海: missing (elapsed 11.2m, ok=389 miss=34)
[1475/8074] 出雲三成: ok (elapsed 11.7m, ok=413 miss=34)
[1484/8074] 出雲科学館パークタウン前: missing (elapsed 12.0m, ok=421 miss=35)
[1489/8074] 函館アリーナ前: missing (elapsed 12.2m, ok=425 miss=36)
[1500/8074] 刑部: ok (elapsed 12.6m, ok=436 miss=36)
[1505/8074] 初田牛: missing (elapsed 12.8m, ok=440 miss=37)
[1508/8074] 初野: missing (elapsed 12.9m, ok=442 miss=38)
[1510/8074] 別府: missing (elapsed 13.0m, ok=443 miss=39)
[1525/8074] 前浜: ok (elapsed 13.3m, ok=458 miss=39)
[1538/8074] 加太: missing (elapsed 13.6m, ok=470 miss=40)
[1544/8074] 加納: missing (elapsed 13.8m, ok=475 miss=41)
[1546/8074] 加茂: missing (elapsed 13.9m, ok=476 miss=42)
[1547/8074] 加茂(京都府): missing (elapsed 14.0m, ok=476 miss=43)
[1549/8074] 加茂宮: missing (elapsed 14.1m, ok=477 miss=44)
[1550/8074] 加茂郷: ok (elapsed 14.2m, ok=478 miss=44)
[1575/8074] 勝田台: ok (elapsed 14.9m, ok=503 miss=44)
[1584/8074] 北12条: missing (elapsed 15.2m, ok=511 miss=45)
[1585/8074] 北13条東: missing (elapsed 15.2m, ok=511 miss=46)
[1586/8074] 北18条: missing (elapsed 15.3m, ok=511 miss=47)
[1587/8074] 北24条: missing (elapsed 15.4m, ok=511 miss=48)
[1588/8074] 北34条: missing (elapsed 15.5m, ok=511 miss=49)
[1600/8074] 北佐世保: ok (elapsed 15.8m, ok=523 miss=49)
[1607/8074] 北剣淵: missing (elapsed 16.2m, ok=529 miss=50)
[1625/8074] 北大野: ok (elapsed 16.5m, ok=547 miss=50)
[1633/8074] 北山: missing (elapsed 16.7m, ok=554 miss=51)
[1635/8074] 北山田: missing (elapsed 16.8m, ok=555 miss=52)
[1650/8074] 北方: missing (elapsed 17.2m, ok=569 miss=53)
[1652/8074] 北日ノ出: missing (elapsed 17.3m, ok=570 miss=54)
[1653/8074] 北星: missing (elapsed 17.3m, ok=570 miss=55)
[1669/8074] 北河内: missing (elapsed 17.8m, ok=585 miss=56)
[1670/8074] 北浜: missing (elapsed 17.9m, ok=585 miss=57)
[1671/8074] 北浦: missing (elapsed 18.0m, ok=585 miss=58)
[1675/8074] 北濃: ok (elapsed 18.0m, ok=589 miss=58)
[1681/8074] 北秩父別: missing (elapsed 18.2m, ok=594 miss=59)
[1689/8074] 北豊津: missing (elapsed 18.4m, ok=601 miss=60)
[1693/8074] 北里大学前: missing (elapsed 18.6m, ok=604 miss=61)
[1694/8074] 北野: missing (elapsed 18.6m, ok=604 miss=62)
[1700/8074] 北鎌倉: ok (elapsed 18.8m, ok=610 miss=62)
[1719/8074] 十和田市: missing (elapsed 19.3m, ok=628 miss=63)
[1720/8074] 十国峠: missing (elapsed 19.4m, ok=628 miss=64)
[1721/8074] 十国登り口: missing (elapsed 19.5m, ok=628 miss=65)
[1724/8074] 十川: missing (elapsed 19.7m, ok=630 miss=66)
[1725/8074] 十府ヶ浦海岸: ok (elapsed 19.7m, ok=631 miss=66)
[1728/8074] 十日市場: missing (elapsed 19.9m, ok=633 miss=67)
[1732/8074] 十条: missing (elapsed 20.0m, ok=636 miss=68)
[1750/8074] 千平: ok (elapsed 20.5m, ok=654 miss=68)
[1760/8074] 千歳: missing (elapsed 20.8m, ok=663 miss=69)
[1762/8074] 千歳町: missing (elapsed 21.0m, ok=664 miss=70)
[1775/8074] 千里: missing (elapsed 21.4m, ok=676 miss=71)
[1779/8074] 千金: missing (elapsed 21.6m, ok=679 miss=72)
[1800/8074] 南伊予: ok (elapsed 22.0m, ok=700 miss=72)
[1825/8074] 南宮崎: ok (elapsed 22.7m, ok=725 miss=72)
[1836/8074] 南幌延: missing (elapsed 23.0m, ok=735 miss=73)
[1843/8074] 南斜里: missing (elapsed 23.2m, ok=741 miss=74)
[1845/8074] 南方: missing (elapsed 23.3m, ok=742 miss=75)
[1850/8074] 南松本: ok (elapsed 23.4m, ok=747 miss=75)
[1856/8074] 南桜井: missing (elapsed 23.6m, ok=752 miss=76)
[1859/8074] 南比布: missing (elapsed 23.7m, ok=754 miss=77)
[1860/8074] 南気仙沼: missing (elapsed 23.8m, ok=754 miss=78)
[1865/8074] 南清水沢: missing (elapsed 24.0m, ok=758 miss=79)
[1875/8074] 南町: ok (elapsed 24.2m, ok=768 miss=79)
[1900/8074] 南郷: ok (elapsed 25.0m, ok=793 miss=79)
[1901/8074] 南郷13丁目: missing (elapsed 25.1m, ok=793 miss=80)
[1902/8074] 南郷18丁目: missing (elapsed 25.2m, ok=793 miss=81)
[1903/8074] 南郷7丁目: missing (elapsed 25.3m, ok=793 miss=82)
[1906/8074] 南阿蘇水の生まれる里白水高原: missing (elapsed 25.4m, ok=795 miss=83)
[1925/8074] 卸町: missing (elapsed 26.1m, ok=813 miss=84)
[1935/8074] 厚賀: missing (elapsed 26.3m, ok=822 miss=85)
[1936/8074] 原: missing (elapsed 26.4m, ok=822 miss=86)
[1947/8074] 原田: missing (elapsed 26.7m, ok=832 miss=87)
[1950/8074] 原野: ok (elapsed 26.8m, ok=835 miss=87)
[1960/8074] 口羽: missing (elapsed 27.2m, ok=844 miss=88)
[1968/8074] 古市: missing (elapsed 27.5m, ok=851 miss=89)
[1972/8074] 古江: missing (elapsed 27.6m, ok=854 miss=90)
[1975/8074] 古津賀: ok (elapsed 27.7m, ok=857 miss=90)
[1979/8074] 古見: missing (elapsed 27.9m, ok=860 miss=91)
[1983/8074] 古里: missing (elapsed 28.1m, ok=863 miss=92)
[1994/8074] 各務ケ原: missing (elapsed 28.4m, ok=873 miss=93)
[2000/8074] 吉井: missing (elapsed 28.5m, ok=878 miss=94)
[2007/8074] 吉富: missing (elapsed 28.7m, ok=884 miss=95)
[2009/8074] 吉川: missing (elapsed 28.9m, ok=885 miss=96)
[2016/8074] 吉浜: missing (elapsed 29.1m, ok=891 miss=97)
[2018/8074] 吉田: missing (elapsed 29.2m, ok=892 miss=98)
[2019/8074] 吉田(新潟県): missing (elapsed 29.3m, ok=892 miss=99)
[2025/8074] 吉見: ok (elapsed 29.5m, ok=898 miss=99)
[2028/8074] 吉野: missing (elapsed 29.6m, ok=900 miss=100)
[2040/8074] 名和: missing (elapsed 30.0m, ok=911 miss=101)
[2050/8074] 名越: ok (elapsed 30.4m, ok=921 miss=101)
[2062/8074] 向原: missing (elapsed 30.7m, ok=932 miss=102)
[2073/8074] 吹上: missing (elapsed 31.0m, ok=942 miss=103)
[2074/8074] 吹田: missing (elapsed 31.1m, ok=942 miss=104)
[2075/8074] 吾妻（雲仙市役所前）: ok (elapsed 31.2m, ok=943 miss=104)
[2080/8074] 呉服町: missing (elapsed 31.4m, ok=947 miss=105)
[2093/8074] 味美: missing (elapsed 31.9m, ok=959 miss=106)
[2100/8074] 和光市: ok (elapsed 32.1m, ok=966 miss=106)
[2125/8074] 和田町: ok (elapsed 32.6m, ok=991 miss=106)
[2150/8074] 問寒別: ok (elapsed 33.1m, ok=1016 miss=106)
[2160/8074] 喜多山: missing (elapsed 33.4m, ok=1025 miss=107)
[2164/8074] 喜志: missing (elapsed 33.5m, ok=1028 miss=108)
[2169/8074] 四ツ倉: missing (elapsed 33.7m, ok=1032 miss=109)
[2172/8074] 四ツ谷: missing (elapsed 33.8m, ok=1034 miss=110)
[2175/8074] 四天王寺前夕陽ヶ丘: ok (elapsed 33.9m, ok=1037 miss=110)
[2181/8074] 四条: missing (elapsed 34.1m, ok=1042 miss=111)
[2189/8074] 因原: missing (elapsed 34.3m, ok=1049 miss=112)
[2193/8074] 国分: missing (elapsed 34.5m, ok=1052 miss=113)
[2197/8074] 国府: missing (elapsed 34.7m, ok=1055 miss=114)
[2200/8074] 国府宮: ok (elapsed 34.8m, ok=1058 miss=114)
[2207/8074] 国見: missing (elapsed 35.0m, ok=1064 miss=115)
[2209/8074] 国際センター: missing (elapsed 35.1m, ok=1065 miss=116)
[2225/8074] 土佐北川: ok (elapsed 35.4m, ok=1081 miss=116)
[2236/8074] 土居: missing (elapsed 35.7m, ok=1091 miss=117)
[2244/8074] 土橋: missing (elapsed 35.9m, ok=1098 miss=118)
[2250/8074] 地下鉄成増: ok (elapsed 36.2m, ok=1104 miss=118)
[2269/8074] 坂戸: missing (elapsed 36.7m, ok=1122 miss=119)
[2270/8074] 坂本: missing (elapsed 36.7m, ok=1122 miss=120)
[2275/8074] 坂祝: ok (elapsed 36.8m, ok=1127 miss=120)
[2285/8074] 城下: missing (elapsed 37.1m, ok=1136 miss=121)
[2295/8074] 城野: missing (elapsed 37.5m, ok=1145 miss=122)
[2300/8074] 堀内: ok (elapsed 37.7m, ok=1150 miss=122)
[2308/8074] 堀田: missing (elapsed 38.0m, ok=1157 miss=123)
[2320/8074] 塚原: missing (elapsed 38.3m, ok=1168 miss=124)
[2321/8074] 塚口: missing (elapsed 38.4m, ok=1168 miss=125)
[2325/8074] 塚西: ok (elapsed 38.5m, ok=1172 miss=125)
[2330/8074] 塩屋: missing (elapsed 38.7m, ok=1176 miss=126)
[2346/8074] 増毛: missing (elapsed 39.1m, ok=1191 miss=127)
[2350/8074] 壬生川: ok (elapsed 39.2m, ok=1195 miss=127)
[2354/8074] 夕張: missing (elapsed 39.4m, ok=1198 miss=128)
[2360/8074] 多々良: missing (elapsed 39.6m, ok=1203 miss=129)
[2365/8074] 多宝塔: missing (elapsed 39.9m, ok=1207 miss=130)
[2375/8074] 多比良: ok (elapsed 40.2m, ok=1217 miss=130)
[2378/8074] 多田: missing (elapsed 40.3m, ok=1219 miss=131)
[2379/8074] 多田羅: missing (elapsed 40.4m, ok=1219 miss=132)
[2395/8074] 大久保: missing (elapsed 40.9m, ok=1234 miss=133)
[2400/8074] 大住: ok (elapsed 41.0m, ok=1239 miss=133)
[2403/8074] 大倉山: missing (elapsed 41.1m, ok=1241 miss=134)
[2410/8074] 大原: missing (elapsed 41.3m, ok=1247 miss=135)
[2413/8074] 大和: missing (elapsed 41.4m, ok=1249 miss=136)
[2421/8074] 大和田: missing (elapsed 41.7m, ok=1256 miss=137)
[2425/8074] 大国町: ok (elapsed 41.7m, ok=1260 miss=137)
[2434/8074] 大塚: missing (elapsed 42.1m, ok=1268 miss=138)
[2442/8074] 大学前: missing (elapsed 42.3m, ok=1275 miss=139)
[2447/8074] 大室: missing (elapsed 42.5m, ok=1279 miss=140)
[2448/8074] 大宮: missing (elapsed 42.5m, ok=1279 miss=141)
[2450/8074] 大富: ok (elapsed 42.6m, ok=1281 miss=141)
[2454/8074] 大山: missing (elapsed 42.7m, ok=1284 miss=142)
[2455/8074] 大山ケーブル: missing (elapsed 42.8m, ok=1284 miss=143)
[2457/8074] 大山寺: missing (elapsed 42.9m, ok=1285 miss=144)
[2459/8074] 大岡: missing (elapsed 43.0m, ok=1286 miss=145)
[2463/8074] 大島: missing (elapsed 43.1m, ok=1289 miss=146)
[2475/8074] 大庭: ok (elapsed 43.4m, ok=1301 miss=146)
[2477/8074] 大成: missing (elapsed 43.5m, ok=1302 miss=147)
[2479/8074] 大手町: missing (elapsed 43.6m, ok=1303 miss=148)
[2480/8074] 大手町駅前: missing (elapsed 43.7m, ok=1303 miss=149)
[2482/8074] 大曲: missing (elapsed 43.8m, ok=1304 miss=150)
[2489/8074] 大村: missing (elapsed 44.0m, ok=1310 miss=151)
[2491/8074] 大桑: missing (elapsed 44.1m, ok=1311 miss=152)
[2492/8074] 大森: missing (elapsed 44.2m, ok=1311 miss=153)
[2499/8074] 大橋: missing (elapsed 44.5m, ok=1317 miss=154)
[2500/8074] 大橋通: ok (elapsed 44.6m, ok=1318 miss=154)
[2501/8074] 大正: missing (elapsed 44.7m, ok=1318 miss=155)
[2504/8074] 大江: missing (elapsed 44.8m, ok=1320 miss=156)
[2513/8074] 大河原: missing (elapsed 45.1m, ok=1328 miss=157)
[2514/8074] 大河原(京都府): missing (elapsed 45.3m, ok=1328 miss=158)
[2516/8074] 大沼: missing (elapsed 45.4m, ok=1329 miss=159)
[2518/8074] 大泉: missing (elapsed 45.5m, ok=1330 miss=160)
[2525/8074] 大津京: ok (elapsed 45.6m, ok=1337 miss=160)
[2540/8074] 大狩部: missing (elapsed 46.0m, ok=1351 miss=161)
[2546/8074] 大町: missing (elapsed 46.2m, ok=1356 miss=162)
[2548/8074] 大畑: missing (elapsed 46.3m, ok=1357 miss=163)
[2550/8074] 大矢: ok (elapsed 46.4m, ok=1359 miss=163)
[2573/8074] 大観峰: missing (elapsed 47.0m, ok=1381 miss=164)
[2574/8074] 大谷: missing (elapsed 47.0m, ok=1381 miss=165)
[2575/8074] 大谷向: ok (elapsed 47.1m, ok=1382 miss=165)
[2579/8074] 大輪田: missing (elapsed 47.3m, ok=1385 miss=166)
[2592/8074] 大門: missing (elapsed 47.6m, ok=1397 miss=167)
[2600/8074] 大阪城公園: ok (elapsed 47.8m, ok=1405 miss=167)
[2604/8074] 大阪梅田: missing (elapsed 47.9m, ok=1408 miss=168)
[2607/8074] 大阪空港: missing (elapsed 48.0m, ok=1410 miss=169)
[2625/8074] 大麻生: ok (elapsed 48.4m, ok=1428 miss=169)
[2650/8074] 天神南: ok (elapsed 49.1m, ok=1453 miss=169)
[2670/8074] 太田: missing (elapsed 49.6m, ok=1472 miss=170)
[2672/8074] 太秦: missing (elapsed 49.7m, ok=1473 miss=171)
[2675/8074] 太美: ok (elapsed 49.8m, ok=1476 miss=171)
[2700/8074] 女川: ok (elapsed 50.3m, ok=1501 miss=171)
[2707/8074] 妙法寺: missing (elapsed 50.5m, ok=1507 miss=172)
[2708/8074] 妙法寺(新潟県): missing (elapsed 50.7m, ok=1507 miss=173)
[2725/8074] 姫川: missing (elapsed 51.1m, ok=1523 miss=174)
[2736/8074] 学園前: missing (elapsed 51.4m, ok=1533 miss=175)
[2740/8074] 学校前: missing (elapsed 51.6m, ok=1536 miss=176)
[2750/8074] 宇品三丁目: ok (elapsed 51.9m, ok=1546 miss=176)
[2762/8074] 宇治: missing (elapsed 52.2m, ok=1557 miss=177)
[2771/8074] 宇都井: missing (elapsed 52.5m, ok=1565 miss=178)
[2775/8074] 宇野辺: ok (elapsed 52.5m, ok=1569 miss=178)
[2780/8074] 守山: missing (elapsed 52.7m, ok=1573 miss=179)
[2800/8074] 安曇追分: ok (elapsed 53.2m, ok=1593 miss=179)
[2808/8074] 安牛: missing (elapsed 53.5m, ok=1600 miss=180)
[2809/8074] 安田: missing (elapsed 53.6m, ok=1600 miss=181)
[2825/8074] 安部: ok (elapsed 54.0m, ok=1616 miss=181)
[2831/8074] 宍喰: missing (elapsed 54.2m, ok=1621 miss=182)
[2847/8074] 宝町: missing (elapsed 54.6m, ok=1636 miss=183)
[2850/8074] 実籾: ok (elapsed 54.7m, ok=1639 miss=183)
[2852/8074] 室堂: missing (elapsed 54.8m, ok=1640 miss=184)
[2865/8074] 宮内: missing (elapsed 55.1m, ok=1652 miss=185)
[2875/8074] 宮守: ok (elapsed 55.4m, ok=1662 miss=185)
[2886/8074] 宮津: missing (elapsed 55.7m, ok=1672 miss=186)
[2890/8074] 宮脇: missing (elapsed 55.8m, ok=1675 miss=187)
[2891/8074] 宮越: missing (elapsed 55.9m, ok=1675 miss=188)
[2900/8074] 宿毛: ok (elapsed 56.1m, ok=1684 miss=188)
[2915/8074] 富士川: missing (elapsed 56.4m, ok=1698 miss=189)
[2921/8074] 富士見台: missing (elapsed 56.6m, ok=1703 miss=190)
[2922/8074] 富士見町: missing (elapsed 56.7m, ok=1703 miss=191)
[2924/8074] 富山大学前: missing (elapsed 56.8m, ok=1704 miss=192)
[2925/8074] 富山駅: missing (elapsed 56.9m, ok=1704 miss=193)
[2928/8074] 富川: missing (elapsed 57.0m, ok=1706 miss=194)
[2933/8074] 富浦: missing (elapsed 57.2m, ok=1710 miss=195)
[2935/8074] 富田: missing (elapsed 57.3m, ok=1711 miss=196)
[2950/8074] 寺下: ok (elapsed 57.6m, ok=1726 miss=196)
[2960/8074] 寺田: missing (elapsed 57.8m, ok=1735 miss=197)
[2964/8074] 将軍山: missing (elapsed 58.0m, ok=1738 miss=198)
[2973/8074] 小俣: missing (elapsed 58.3m, ok=1746 miss=199)
[2974/8074] 小倉: missing (elapsed 58.4m, ok=1746 miss=200)
[2975/8074] 小倉台: ok (elapsed 58.4m, ok=1747 miss=200)
[2981/8074] 小友: missing (elapsed 58.6m, ok=1752 miss=201)
[3000/8074] 小島: ok (elapsed 59.1m, ok=1771 miss=201)
[3003/8074] 小川: missing (elapsed 59.3m, ok=1773 miss=202)
[3005/8074] 小川町: missing (elapsed 59.4m, ok=1774 miss=203)
[3007/8074] 小幡: missing (elapsed 59.5m, ok=1775 miss=204)
[3008/8074] 小幡緑地: missing (elapsed 59.6m, ok=1775 miss=205)
[3014/8074] 小本: missing (elapsed 59.9m, ok=1780 miss=206)
[3016/8074] 小杉: missing (elapsed 60.0m, ok=1781 miss=207)
[3020/8074] 小林: missing (elapsed 60.1m, ok=1784 miss=208)
[3021/8074] 小柳: missing (elapsed 60.2m, ok=1784 miss=209)
[3025/8074] 小樽築港: ok (elapsed 60.3m, ok=1788 miss=209)
[3030/8074] 小沢: missing (elapsed 60.4m, ok=1792 miss=210)
[3032/8074] 小泉町: missing (elapsed 60.5m, ok=1793 miss=211)
[3036/8074] 小浦: missing (elapsed 60.7m, ok=1796 miss=212)
[3047/8074] 小田: missing (elapsed 61.1m, ok=1806 miss=213)
[3050/8074] 小田急多摩センター: ok (elapsed 61.2m, ok=1809 miss=213)
[3069/8074] 小路: missing (elapsed 61.8m, ok=1827 miss=214)
[3070/8074] 小郡: missing (elapsed 61.9m, ok=1827 miss=215)
[3071/8074] 小野: missing (elapsed 62.0m, ok=1827 miss=216)
[3075/8074] 小野田港: ok (elapsed 62.1m, ok=1831 miss=216)
[3084/8074] 少路: missing (elapsed 62.5m, ok=1839 miss=217)
[3085/8074] 尺別: missing (elapsed 62.6m, ok=1839 miss=218)
[3091/8074] 尼崎: missing (elapsed 62.9m, ok=1844 miss=219)
[3100/8074] 尾張一宮: ok (elapsed 63.1m, ok=1853 miss=219)
[3108/8074] 尾関山: missing (elapsed 63.5m, ok=1860 miss=220)
[3119/8074] 山ノ内: missing (elapsed 63.9m, ok=1870 miss=221)
[3120/8074] 山上: missing (elapsed 64.0m, ok=1870 miss=222)
[3121/8074] 山下: missing (elapsed 64.6m, ok=1870 miss=223)
[3125/8074] 山北: ok (elapsed 64.7m, ok=1874 miss=223)
[3126/8074] 山口: missing (elapsed 64.8m, ok=1874 miss=224)
[3136/8074] 山崎: missing (elapsed 65.2m, ok=1883 miss=225)
[3139/8074] 山手: missing (elapsed 65.8m, ok=1885 miss=226)
[3141/8074] 山本: missing (elapsed 65.9m, ok=1886 miss=227)
[3146/8074] 山王: missing (elapsed 66.1m, ok=1890 miss=228)
[3147/8074] 山田: missing (elapsed 66.2m, ok=1890 miss=229)
[3150/8074] 山田西町: ok (elapsed 66.3m, ok=1893 miss=229)
[3155/8074] 山部: missing (elapsed 66.5m, ok=1897 miss=230)
[3158/8074] 山門: missing (elapsed 66.7m, ok=1899 miss=231)
[3170/8074] 山麓: missing (elapsed 67.7m, ok=1910 miss=232)
[3171/8074] 山鼻19条: missing (elapsed 67.8m, ok=1910 miss=233)
[3172/8074] 山鼻9条: missing (elapsed 67.9m, ok=1910 miss=234)
[3175/8074] 岐阜: ok (elapsed 68.1m, ok=1913 miss=234)
[3186/8074] 岡本: missing (elapsed 68.7m, ok=1923 miss=235)
[3187/8074] 岡田: missing (elapsed 68.8m, ok=1923 miss=236)
[3197/8074] 岩倉: missing (elapsed 69.2m, ok=1932 miss=237)
[3200/8074] 岩切: ok (elapsed 69.2m, ok=1935 miss=237)
[3206/8074] 岩屋: missing (elapsed 69.5m, ok=1940 miss=238)
[3220/8074] 岩泉: missing (elapsed 70.2m, ok=1953 miss=239)
[3225/8074] 岩瀬浜: ok (elapsed 70.3m, ok=1958 miss=239)
[3226/8074] 岩田: missing (elapsed 70.4m, ok=1958 miss=240)
[3229/8074] 岩野: missing (elapsed 70.5m, ok=1960 miss=241)
[3246/8074] 島ケ原: missing (elapsed 70.9m, ok=1976 miss=242)
[3250/8074] 島原港: ok (elapsed 71.0m, ok=1980 miss=242)
[3256/8074] 島田: missing (elapsed 71.2m, ok=1985 miss=243)
[3264/8074] 嵐山: missing (elapsed 71.4m, ok=1992 miss=244)
[3273/8074] 川内: missing (elapsed 71.8m, ok=2000 miss=245)
[3275/8074] 川原湯温泉: ok (elapsed 71.8m, ok=2002 miss=245)
[3281/8074] 川名: missing (elapsed 72.0m, ok=2007 miss=246)
[3283/8074] 川奈: missing (elapsed 72.2m, ok=2008 miss=247)
[3284/8074] 川宮: missing (elapsed 72.2m, ok=2008 miss=248)
[3285/8074] 川尻: missing (elapsed 72.3m, ok=2008 miss=249)
[3290/8074] 川平: missing (elapsed 72.9m, ok=2012 miss=250)
[3291/8074] 川戸: missing (elapsed 73.0m, ok=2012 miss=251)
[3292/8074] 川村: missing (elapsed 73.1m, ok=2012 miss=252)
[3293/8074] 川東: missing (elapsed 73.3m, ok=2012 miss=253)
[3300/8074] 川治湯元: ok (elapsed 74.1m, ok=2019 miss=253)
[3305/8074] 川西: missing (elapsed 74.3m, ok=2023 miss=254)
[3323/8074] 工業高校前: missing (elapsed 75.2m, ok=2040 miss=255)
[3325/8074] 左京山: ok (elapsed 75.3m, ok=2042 miss=255)
[3338/8074] 市場: missing (elapsed 75.6m, ok=2054 miss=256)
[3350/8074] 市川真間: ok (elapsed 75.8m, ok=2066 miss=256)
[3352/8074] 市役所: missing (elapsed 75.9m, ok=2067 miss=257)
[3353/8074] 市役所前: missing (elapsed 76.0m, ok=2067 miss=258)
[3357/8074] 市民会館: missing (elapsed 76.2m, ok=2070 miss=259)
[3360/8074] 市民病院前: missing (elapsed 76.3m, ok=2072 miss=260)
[3364/8074] 市立病院前: missing (elapsed 76.5m, ok=2075 miss=261)
[3375/8074] 布田: ok (elapsed 76.7m, ok=2086 miss=261)
[3377/8074] 布部: missing (elapsed 76.8m, ok=2087 miss=262)
[3391/8074] 常盤: missing (elapsed 77.2m, ok=2100 miss=263)
[3400/8074] 幌向: ok (elapsed 77.3m, ok=2109 miss=263)
[3411/8074] 平井: missing (elapsed 77.6m, ok=2119 miss=264)
[3415/8074] 平和台: missing (elapsed 77.8m, ok=2122 miss=265)
[3425/8074] 平岡: ok (elapsed 78.0m, ok=2132 miss=265)
[3427/8074] 平岸: missing (elapsed 78.1m, ok=2133 miss=266)
[3429/8074] 平成: missing (elapsed 78.2m, ok=2134 miss=267)
[3433/8074] 平林: missing (elapsed 78.4m, ok=2137 miss=268)
[3438/8074] 平田: missing (elapsed 78.6m, ok=2141 miss=269)
[3445/8074] 平野: missing (elapsed 78.9m, ok=2147 miss=270)
[3450/8074] 幸崎: ok (elapsed 79.1m, ok=2152 miss=270)
[3455/8074] 幾寅: missing (elapsed 79.3m, ok=2156 miss=271)
[3461/8074] 広小路: missing (elapsed 79.5m, ok=2161 miss=272)
[3464/8074] 広島港（宇品）: missing (elapsed 79.7m, ok=2163 miss=273)
[3465/8074] 広島駅: missing (elapsed 79.8m, ok=2163 miss=274)
[3472/8074] 広野: missing (elapsed 80.1m, ok=2169 miss=275)
[3475/8074] 広電宮島口: ok (elapsed 80.2m, ok=2172 miss=275)
[3478/8074] 広電西広島（己斐）: missing (elapsed 80.4m, ok=2174 miss=276)
[3480/8074] 庄内: missing (elapsed 80.6m, ok=2175 miss=277)
[3486/8074] 府中: missing (elapsed 80.8m, ok=2180 miss=278)
[3497/8074] 廿日市市役所前（平良）: missing (elapsed 81.3m, ok=2190 miss=279)
[3500/8074] 式敷: missing (elapsed 81.4m, ok=2192 miss=280)
[3508/8074] 弘明寺: missing (elapsed 81.7m, ok=2199 miss=281)
[3525/8074] 彦根口: ok (elapsed 82.1m, ok=2216 miss=281)
[3532/8074] 後免中町: missing (elapsed 82.4m, ok=2222 miss=282)
[3533/8074] 後免東町: missing (elapsed 82.5m, ok=2222 miss=283)
[3535/8074] 後免西町: missing (elapsed 82.6m, ok=2223 miss=284)
[3543/8074] 御厨: missing (elapsed 83.0m, ok=2230 miss=285)
[3549/8074] 御岳山: missing (elapsed 83.3m, ok=2235 miss=286)
[3550/8074] 御崎: ok (elapsed 83.3m, ok=2236 miss=286)
[3551/8074] 御崎公園: missing (elapsed 83.4m, ok=2236 miss=287)
[3555/8074] 御嶽山: missing (elapsed 83.5m, ok=2239 miss=288)
[3559/8074] 御影: missing (elapsed 83.6m, ok=2242 miss=289)
[3573/8074] 御領: missing (elapsed 84.0m, ok=2255 miss=290)
[3575/8074] 徳佐: ok (elapsed 84.0m, ok=2257 miss=290)
[3585/8074] 徳満: missing (elapsed 84.3m, ok=2266 miss=291)
[3586/8074] 徳田: missing (elapsed 84.4m, ok=2266 miss=292)
[3595/8074] 志井: missing (elapsed 84.6m, ok=2274 miss=293)
[3600/8074] 志度: ok (elapsed 84.7m, ok=2279 miss=293)
[3611/8074] 志津: missing (elapsed 85.0m, ok=2289 miss=294)
[3612/8074] 志津川: missing (elapsed 85.1m, ok=2289 miss=295)
[3625/8074] 恋山形: ok (elapsed 85.3m, ok=2302 miss=295)
[3627/8074] 恩根内: missing (elapsed 85.4m, ok=2303 miss=296)
[3632/8074] 恵比寿: missing (elapsed 85.6m, ok=2307 miss=297)
[3633/8074] 恵比島: missing (elapsed 85.7m, ok=2307 miss=298)
[3634/8074] 恵比須: missing (elapsed 85.8m, ok=2307 miss=299)
[3643/8074] 愛宕: missing (elapsed 86.0m, ok=2315 miss=300)
[3645/8074] 愛山: missing (elapsed 86.1m, ok=2316 miss=301)
[3650/8074] 愛知川: ok (elapsed 86.3m, ok=2321 miss=301)
[3652/8074] 愛野: missing (elapsed 86.5m, ok=2322 miss=302)
[3659/8074] 成島: missing (elapsed 86.8m, ok=2328 miss=303)
[3664/8074] 成田空港: missing (elapsed 87.1m, ok=2332 miss=304)
[3675/8074] 戸沢: ok (elapsed 87.4m, ok=2343 miss=304)
[3677/8074] 戸田: missing (elapsed 87.5m, ok=2344 miss=305)
[3688/8074] 所木: missing (elapsed 87.8m, ok=2354 miss=306)
[3691/8074] 扇沢: missing (elapsed 87.9m, ok=2356 miss=307)
[3693/8074] 扇町: missing (elapsed 88.1m, ok=2357 miss=308)
[3700/8074] 打出: ok (elapsed 88.3m, ok=2364 miss=308)
[3710/8074] 抜海: missing (elapsed 88.6m, ok=2373 miss=309)
[3725/8074] 採銅所: ok (elapsed 88.9m, ok=2388 miss=309)
[3750/8074] 教育大前: ok (elapsed 89.5m, ok=2413 miss=309)
[3763/8074] 新さっぽろ: missing (elapsed 89.8m, ok=2425 miss=310)
[3773/8074] 新井: missing (elapsed 90.1m, ok=2434 miss=311)
[3775/8074] 新井宿: ok (elapsed 90.2m, ok=2436 miss=311)
[3787/8074] 新冠: missing (elapsed 90.6m, ok=2447 miss=312)
[3800/8074] 新吉野: ok (elapsed 90.9m, ok=2460 miss=312)
[3825/8074] 新宿三丁目: ok (elapsed 91.6m, ok=2485 miss=312)
[3828/8074] 新富士: missing (elapsed 91.7m, ok=2487 miss=313)
[3830/8074] 新富町: missing (elapsed 91.8m, ok=2488 miss=314)
[3838/8074] 新屋: missing (elapsed 92.0m, ok=2495 miss=315)
[3844/8074] 新川: missing (elapsed 92.2m, ok=2500 miss=316)
[3847/8074] 新川町: missing (elapsed 92.3m, ok=2502 miss=317)
[3850/8074] 新広: ok (elapsed 92.4m, ok=2505 miss=317)
[3865/8074] 新木: missing (elapsed 92.8m, ok=2519 miss=318)
[3875/8074] 新柏: ok (elapsed 93.0m, ok=2529 miss=318)
[3878/8074] 新栄町: missing (elapsed 93.2m, ok=2531 miss=319)
[3900/8074] 新潟大学前: ok (elapsed 93.6m, ok=2553 miss=319)
[3907/8074] 新田: missing (elapsed 93.8m, ok=2559 miss=320)
[3913/8074] 新町: missing (elapsed 94.0m, ok=2564 miss=321)
[3925/8074] 新福井: ok (elapsed 94.2m, ok=2576 miss=321)
[3950/8074] 新郷: missing (elapsed 94.9m, ok=2600 miss=322)
[3951/8074] 新里: missing (elapsed 95.0m, ok=2600 miss=323)
[3952/8074] 新野: missing (elapsed 95.1m, ok=2600 miss=324)
[3975/8074] 新黒部: ok (elapsed 95.8m, ok=2623 miss=324)
[3981/8074] 日の出: missing (elapsed 96.0m, ok=2628 miss=325)
[3992/8074] 日吉: missing (elapsed 96.3m, ok=2638 miss=326)
[4000/8074] 日向大束: ok (elapsed 96.5m, ok=2646 miss=326)
[4017/8074] 日本橋: missing (elapsed 96.9m, ok=2662 miss=327)
[4020/8074] 日比野: missing (elapsed 97.0m, ok=2664 miss=328)
[4021/8074] 日永: missing (elapsed 97.1m, ok=2664 miss=329)
[4025/8074] 日登: ok (elapsed 97.2m, ok=2668 miss=329)
[4030/8074] 日赤病院前: missing (elapsed 97.3m, ok=2672 miss=330)
[4031/8074] 日進: missing (elapsed 97.4m, ok=2672 miss=331)
[4032/8074] 日野: missing (elapsed 97.5m, ok=2672 miss=332)
[4034/8074] 日長: missing (elapsed 97.6m, ok=2673 miss=333)
[4035/8074] 日高三石: missing (elapsed 97.7m, ok=2673 miss=334)
[4036/8074] 日高幌別: missing (elapsed 97.7m, ok=2673 miss=335)
[4037/8074] 日高東別: missing (elapsed 97.8m, ok=2673 miss=336)
[4038/8074] 日高門別: missing (elapsed 97.9m, ok=2673 miss=337)
[4048/8074] 早稲田: missing (elapsed 98.2m, ok=2682 miss=338)
[4050/8074] 早雲の里荏原: ok (elapsed 98.2m, ok=2684 miss=338)
[4052/8074] 旭: missing (elapsed 98.3m, ok=2685 miss=339)
[4053/8074] 旭ヶ丘: missing (elapsed 98.4m, ok=2685 miss=340)
[4063/8074] 明塚: missing (elapsed 98.8m, ok=2694 miss=341)
[4068/8074] 明智: missing (elapsed 99.0m, ok=2698 miss=342)
[4075/8074] 明野: ok (elapsed 99.2m, ok=2705 miss=342)
[4076/8074] 星ヶ丘: missing (elapsed 99.3m, ok=2705 miss=343)
[4077/8074] 星川: missing (elapsed 99.4m, ok=2705 miss=344)
[4080/8074] 春日: missing (elapsed 99.6m, ok=2707 miss=345)
[4081/8074] 春日井: missing (elapsed 99.7m, ok=2707 miss=346)
[4087/8074] 春日野道: missing (elapsed 99.9m, ok=2712 miss=347)
[4091/8074] 春立: missing (elapsed 100.1m, ok=2715 miss=348)
[4095/8074] 昭和町: missing (elapsed 100.2m, ok=2718 miss=349)
[4100/8074] 時庭: ok (elapsed 100.3m, ok=2723 miss=349)
[4101/8074] 晩生内: missing (elapsed 100.4m, ok=2723 miss=350)
[4115/8074] 曽根: missing (elapsed 100.9m, ok=2736 miss=351)
[4120/8074] 月ケ瀬口: missing (elapsed 101.1m, ok=2740 miss=352)
[4121/8074] 月ヶ岡: missing (elapsed 101.2m, ok=2740 miss=353)
[4124/8074] 月岡: missing (elapsed 101.4m, ok=2742 miss=354)
[4125/8074] 月島: ok (elapsed 101.4m, ok=2743 miss=354)
[4136/8074] 有明: missing (elapsed 101.8m, ok=2753 miss=355)
[4146/8074] 有馬温泉: missing (elapsed 102.2m, ok=2762 miss=356)
[4147/8074] 服部: missing (elapsed 102.3m, ok=2762 miss=357)
[4150/8074] 朝倉: missing (elapsed 102.4m, ok=2764 miss=358)
[4165/8074] 朝陽: missing (elapsed 102.8m, ok=2778 miss=359)
[4175/8074] 木場: missing (elapsed 103.0m, ok=2787 miss=360)
[4184/8074] 木幡: missing (elapsed 103.3m, ok=2795 miss=361)
[4192/8074] 木津: missing (elapsed 103.5m, ok=2802 miss=362)
[4200/8074] 木見: ok (elapsed 103.7m, ok=2810 miss=362)
[4201/8074] 木路原: missing (elapsed 103.7m, ok=2810 miss=363)
[4206/8074] 末広町: missing (elapsed 104.0m, ok=2814 miss=364)
[4209/8074] 本中小屋: missing (elapsed 104.1m, ok=2816 miss=365)
[4216/8074] 本吉: missing (elapsed 104.4m, ok=2822 miss=366)
[4221/8074] 本宮: missing (elapsed 104.6m, ok=2826 miss=367)
[4222/8074] 本宿: missing (elapsed 104.7m, ok=2826 miss=368)
[4223/8074] 本山: missing (elapsed 104.7m, ok=2826 miss=369)
[4225/8074] 本川町: ok (elapsed 104.8m, ok=2828 miss=369)
[4232/8074] 本桐: missing (elapsed 105.1m, ok=2834 miss=370)
[4242/8074] 本石倉: missing (elapsed 105.4m, ok=2843 miss=371)
[4250/8074] 本通: ok (elapsed 105.6m, ok=2851 miss=371)
[4251/8074] 本郷: missing (elapsed 105.7m, ok=2851 miss=372)
[4264/8074] 札比内: missing (elapsed 106.2m, ok=2863 miss=373)
[4265/8074] 札的: missing (elapsed 106.3m, ok=2863 miss=374)
[4275/8074] 杉本町: ok (elapsed 106.7m, ok=2873 miss=374)
[4277/8074] 杉田: missing (elapsed 106.8m, ok=2874 miss=375)
[4278/8074] 村上: missing (elapsed 106.9m, ok=2874 miss=376)
[4279/8074] 村上(新潟県): missing (elapsed 107.1m, ok=2874 miss=377)
[4281/8074] 村山: missing (elapsed 107.2m, ok=2875 miss=378)
[4300/8074] 東中間: ok (elapsed 107.6m, ok=2894 miss=378)
[4306/8074] 東京ディズニーシー･ステーション: missing (elapsed 107.9m, ok=2899 miss=379)
[4307/8074] 東京ディズニーランド･ステーション: missing (elapsed 108.0m, ok=2899 miss=380)
[4325/8074] 東名古屋港: ok (elapsed 108.4m, ok=2917 miss=380)
[4336/8074] 東多良木: missing (elapsed 108.7m, ok=2927 miss=381)
[4350/8074] 東富山: ok (elapsed 109.0m, ok=2941 miss=381)
[4358/8074] 東屋代: missing (elapsed 109.2m, ok=2948 miss=382)
[4360/8074] 東山: missing (elapsed 109.3m, ok=2949 miss=383)
[4361/8074] 東山・おかでんミュージアム: missing (elapsed 109.4m, ok=2949 miss=384)
[4363/8074] 東山公園: missing (elapsed 109.6m, ok=2950 miss=385)
[4375/8074] 東広島: ok (elapsed 109.9m, ok=2962 miss=385)
[4382/8074] 東新川: missing (elapsed 110.1m, ok=2968 miss=386)
[4396/8074] 東松江: missing (elapsed 110.4m, ok=2981 miss=387)
[4400/8074] 東柏崎(新潟県): ok (elapsed 110.6m, ok=2985 miss=387)
[4425/8074] 東海神: ok (elapsed 111.1m, ok=3010 miss=387)
[4430/8074] 東滝川: missing (elapsed 111.3m, ok=3014 miss=388)
[4440/8074] 東町: missing (elapsed 111.5m, ok=3023 miss=389)
[4450/8074] 東粉浜: ok (elapsed 111.7m, ok=3033 miss=389)
[4475/8074] 東都農: ok (elapsed 112.2m, ok=3058 miss=389)
[4477/8074] 東野: missing (elapsed 112.4m, ok=3059 miss=390)
[4487/8074] 東雲: missing (elapsed 112.7m, ok=3068 miss=391)
[4489/8074] 東青山: missing (elapsed 112.8m, ok=3069 miss=392)
[4492/8074] 東静内: missing (elapsed 112.9m, ok=3071 miss=393)
[4500/8074] 東鳴尾: ok (elapsed 113.2m, ok=3079 miss=393)
[4502/8074] 東鹿越: missing (elapsed 113.3m, ok=3080 miss=394)
[4507/8074] 松ヶ崎: missing (elapsed 113.5m, ok=3084 miss=395)
[4513/8074] 松代: missing (elapsed 113.7m, ok=3089 miss=396)
[4516/8074] 松原: missing (elapsed 113.8m, ok=3091 miss=397)
[4518/8074] 松尾: missing (elapsed 113.9m, ok=3092 miss=398)
[4523/8074] 松山: missing (elapsed 114.2m, ok=3096 miss=399)
[4525/8074] 松山市駅: missing (elapsed 114.3m, ok=3097 miss=400)
[4526/8074] 松山町: missing (elapsed 114.4m, ok=3097 miss=401)
[4532/8074] 松崎: missing (elapsed 114.6m, ok=3102 miss=402)
[4543/8074] 松江イングリッシュガーデン前: missing (elapsed 114.9m, ok=3112 miss=403)
[4550/8074] 松虫: ok (elapsed 115.1m, ok=3119 miss=403)
[4575/8074] 枝光: ok (elapsed 115.6m, ok=3144 miss=403)
[4576/8074] 枝川: missing (elapsed 115.6m, ok=3144 miss=404)
[4581/8074] 柏原: missing (elapsed 115.8m, ok=3148 miss=405)
[4591/8074] 柚木: missing (elapsed 116.1m, ok=3157 miss=406)
[4598/8074] 柳原: missing (elapsed 116.4m, ok=3163 miss=407)
[4600/8074] 柳川: ok (elapsed 116.5m, ok=3165 miss=407)
[4602/8074] 柳沢: missing (elapsed 116.6m, ok=3166 miss=408)
[4603/8074] 柳津: missing (elapsed 116.6m, ok=3166 miss=409)
[4616/8074] 柿ケ島: missing (elapsed 117.0m, ok=3178 miss=410)
[4625/8074] 栄: missing (elapsed 117.3m, ok=3186 miss=411)
[4627/8074] 栄町: missing (elapsed 117.4m, ok=3187 miss=412)
[4643/8074] 根岸: missing (elapsed 117.7m, ok=3202 miss=413)
[4650/8074] 桂台: ok (elapsed 117.9m, ok=3209 miss=413)
[4651/8074] 桂川: missing (elapsed 118.0m, ok=3209 miss=414)
[4660/8074] 桐原: missing (elapsed 118.2m, ok=3217 miss=415)
[4661/8074] 桐原(新潟県): missing (elapsed 118.4m, ok=3217 miss=416)
[4672/8074] 桜: missing (elapsed 118.7m, ok=3227 miss=417)
[4675/8074] 桜上水: ok (elapsed 118.8m, ok=3230 miss=417)
[4676/8074] 桜井: missing (elapsed 118.8m, ok=3230 miss=418)
[4677/8074] 桜台: missing (elapsed 118.9m, ok=3230 miss=419)
[4683/8074] 桜川: missing (elapsed 119.1m, ok=3235 miss=420)
[4685/8074] 桜木: missing (elapsed 119.2m, ok=3236 miss=421)
[4688/8074] 桜橋: missing (elapsed 119.3m, ok=3238 miss=422)
[4690/8074] 桜沢: missing (elapsed 119.4m, ok=3239 miss=423)
[4692/8074] 桜町: missing (elapsed 119.5m, ok=3240 miss=424)
[4700/8074] 桟橋通四丁目: ok (elapsed 119.7m, ok=3248 miss=424)
[4702/8074] 梁川: missing (elapsed 119.8m, ok=3249 miss=425)
[4710/8074] 梅屋敷: missing (elapsed 120.0m, ok=3256 miss=426)
[4715/8074] 梅林: missing (elapsed 120.2m, ok=3260 miss=427)
[4725/8074] 梶栗郷台地: ok (elapsed 120.3m, ok=3270 miss=427)
[4729/8074] 森: missing (elapsed 120.5m, ok=3273 miss=428)
[4732/8074] 森下: missing (elapsed 120.6m, ok=3275 miss=429)
[4739/8074] 森林公園: missing (elapsed 120.8m, ok=3281 miss=430)
[4747/8074] 植田: missing (elapsed 121.0m, ok=3288 miss=431)
[4750/8074] 椎田: ok (elapsed 121.1m, ok=3291 miss=431)
[4755/8074] 楚原: missing (elapsed 121.2m, ok=3295 miss=432)
[4770/8074] 榎戸: missing (elapsed 121.6m, ok=3309 miss=433)
[4774/8074] 様似: missing (elapsed 121.8m, ok=3312 miss=434)
[4775/8074] 槻木: ok (elapsed 121.8m, ok=3313 miss=434)
[4777/8074] 樋口: missing (elapsed 121.9m, ok=3314 miss=435)
[4783/8074] 横倉: missing (elapsed 122.1m, ok=3319 miss=436)
[4788/8074] 横山: missing (elapsed 122.3m, ok=3323 miss=437)
[4789/8074] 横川: missing (elapsed 122.4m, ok=3323 miss=438)
[4791/8074] 横川駅: missing (elapsed 122.5m, ok=3324 miss=439)
[4800/8074] 横須賀: ok (elapsed 122.8m, ok=3333 miss=439)
[4805/8074] 橋本: missing (elapsed 123.0m, ok=3337 miss=440)
[4815/8074] 歌内: missing (elapsed 123.3m, ok=3346 miss=441)
[4816/8074] 歌津: missing (elapsed 123.4m, ok=3346 miss=442)
[4823/8074] 武佐: missing (elapsed 123.6m, ok=3352 miss=443)
[4825/8074] 武州中川: ok (elapsed 123.7m, ok=3354 miss=443)
[4850/8074] 武蔵横手: ok (elapsed 124.3m, ok=3379 miss=443)
[4875/8074] 比治山下: ok (elapsed 125.0m, ok=3404 miss=443)
[4880/8074] 比良: missing (elapsed 125.1m, ok=3408 miss=444)
[4899/8074] 水天宮前: missing (elapsed 125.7m, ok=3426 miss=445)
[4900/8074] 水尻: ok (elapsed 125.7m, ok=3427 miss=445)
[4923/8074] 永原: missing (elapsed 126.2m, ok=3449 miss=446)
[4924/8074] 永和: missing (elapsed 126.3m, ok=3449 miss=447)
[4925/8074] 永尾: ok (elapsed 126.3m, ok=3450 miss=447)
[4929/8074] 永田: missing (elapsed 126.5m, ok=3453 miss=448)
[4937/8074] 汐見: missing (elapsed 126.7m, ok=3460 miss=449)
[4944/8074] 江北: missing (elapsed 126.9m, ok=3466 miss=450)
[4945/8074] 江南: missing (elapsed 127.0m, ok=3466 miss=451)
[4950/8074] 江坂: ok (elapsed 127.1m, ok=3471 miss=451)
[4956/8074] 江差: missing (elapsed 127.3m, ok=3476 miss=452)
[4957/8074] 江平: missing (elapsed 127.3m, ok=3476 miss=453)
[4966/8074] 江津本町: missing (elapsed 127.6m, ok=3484 miss=454)
[4967/8074] 江田: missing (elapsed 127.7m, ok=3484 miss=455)
[4975/8074] 池下: ok (elapsed 127.8m, ok=3492 miss=455)
[4980/8074] 池田: missing (elapsed 128.0m, ok=3496 miss=456)
[4981/8074] 池田園: missing (elapsed 128.0m, ok=3496 miss=457)
[4988/8074] 沢: missing (elapsed 128.2m, ok=3502 miss=458)
[4995/8074] 沢谷: missing (elapsed 128.5m, ok=3508 miss=459)
[5000/8074] 河内堅上: ok (elapsed 128.6m, ok=3513 miss=459)
[5012/8074] 河原町: missing (elapsed 128.9m, ok=3524 miss=460)
[5025/8074] 河芸: ok (elapsed 129.3m, ok=3537 miss=460)
[5036/8074] 沼ノ沢: missing (elapsed 129.6m, ok=3547 miss=461)
[5044/8074] 泉: missing (elapsed 129.8m, ok=3554 miss=462)
[5045/8074] 泉ヶ丘: missing (elapsed 129.9m, ok=3554 miss=463)
[5050/8074] 泉岳寺: ok (elapsed 130.0m, ok=3559 miss=463)
[5054/8074] 泊: missing (elapsed 130.2m, ok=3562 miss=464)
[5075/8074] 洗足池: ok (elapsed 130.6m, ok=3583 miss=464)
[5100/8074] 津田沼: ok (elapsed 131.1m, ok=3608 miss=464)
[5104/8074] 津軽今別: missing (elapsed 131.2m, ok=3611 miss=465)
[5125/8074] 浅虫温泉: ok (elapsed 131.6m, ok=3632 miss=465)
[5134/8074] 浜原: missing (elapsed 131.8m, ok=3640 miss=466)
[5149/8074] 浜田浦: missing (elapsed 132.2m, ok=3654 miss=467)
[5150/8074] 浜町: ok (elapsed 132.2m, ok=3655 miss=467)
[5161/8074] 浦安: missing (elapsed 132.5m, ok=3665 miss=468)
[5167/8074] 浦河: missing (elapsed 132.6m, ok=3670 miss=469)
[5169/8074] 浦田: missing (elapsed 132.7m, ok=3671 miss=470)
[5170/8074] 浦臼: missing (elapsed 132.8m, ok=3671 miss=471)
[5175/8074] 浮孔: ok (elapsed 132.9m, ok=3676 miss=471)
[5196/8074] 海部: missing (elapsed 133.4m, ok=3696 miss=472)
[5200/8074] 涸沼: ok (elapsed 133.5m, ok=3700 miss=472)
[5214/8074] 深江: missing (elapsed 133.8m, ok=3713 miss=473)
[5225/8074] 清和学園前: ok (elapsed 134.0m, ok=3724 miss=473)
[5230/8074] 清水: missing (elapsed 134.2m, ok=3728 miss=474)
[5234/8074] 清水沢: missing (elapsed 134.3m, ok=3731 miss=475)
[5241/8074] 清畠: missing (elapsed 134.5m, ok=3737 miss=476)
[5250/8074] 渋沢: ok (elapsed 134.8m, ok=3746 miss=476)
[5254/8074] 渚: missing (elapsed 135.0m, ok=3749 miss=477)
[5259/8074] 渡島鶴岡: missing (elapsed 135.2m, ok=3753 miss=478)
[5262/8074] 渡瀬: missing (elapsed 135.3m, ok=3755 miss=479)
[5275/8074] 湊川公園: ok (elapsed 135.8m, ok=3768 miss=479)
[5288/8074] 湯ノ岱: missing (elapsed 136.2m, ok=3780 miss=480)
[5300/8074] 湯浅: ok (elapsed 136.7m, ok=3792 miss=480)
[5321/8074] 滝: missing (elapsed 137.2m, ok=3812 miss=481)
[5323/8074] 滝ノ上: missing (elapsed 137.3m, ok=3813 miss=482)
[5325/8074] 滝井: ok (elapsed 137.4m, ok=3815 miss=482)
[5334/8074] 滝谷: missing (elapsed 137.7m, ok=3823 miss=483)
[5343/8074] 潮: missing (elapsed 137.9m, ok=3831 miss=484)
[5350/8074] 瀬戸: ok (elapsed 138.1m, ok=3838 miss=484)
[5356/8074] 瀬田: missing (elapsed 138.3m, ok=3843 miss=485)
[5358/8074] 瀬越: missing (elapsed 138.4m, ok=3844 miss=486)
[5375/8074] 熊本: ok (elapsed 138.8m, ok=3861 miss=486)
[5390/8074] 片原町: missing (elapsed 139.2m, ok=3875 miss=487)
[5398/8074] 牛ケ原: missing (elapsed 139.4m, ok=3882 miss=488)
[5400/8074] 牛ノ谷: ok (elapsed 139.5m, ok=3884 miss=488)
[5409/8074] 牛田: missing (elapsed 139.7m, ok=3892 miss=489)
[5414/8074] 牧: missing (elapsed 139.9m, ok=3896 miss=490)
[5419/8074] 牧野: missing (elapsed 140.1m, ok=3900 miss=491)
[5425/8074] 犬塚: ok (elapsed 140.2m, ok=3906 miss=491)
[5449/8074] 猿猴橋町: missing (elapsed 140.9m, ok=3929 miss=492)
[5450/8074] 獨協大学前: ok (elapsed 140.9m, ok=3930 miss=492)
[5454/8074] 玉出: missing (elapsed 141.0m, ok=3933 miss=493)
[5457/8074] 玉川: missing (elapsed 141.2m, ok=3935 miss=494)
[5462/8074] 玉手: missing (elapsed 141.3m, ok=3939 miss=495)
[5475/8074] 王子公園: ok (elapsed 141.6m, ok=3952 miss=495)
[5483/8074] 球場前: missing (elapsed 141.8m, ok=3959 miss=496)
[5485/8074] 琴似: missing (elapsed 141.9m, ok=3960 miss=497)
[5500/8074] 瓢箪山: missing (elapsed 142.3m, ok=3974 miss=498)
[5504/8074] 甘木: missing (elapsed 142.5m, ok=3977 miss=499)
[5510/8074] 生田: missing (elapsed 142.7m, ok=3982 miss=500)
[5513/8074] 生野: missing (elapsed 142.9m, ok=3984 miss=501)
[5525/8074] 田中: ok (elapsed 143.2m, ok=3996 miss=501)
[5538/8074] 田原町: missing (elapsed 143.7m, ok=4008 miss=502)
[5543/8074] 田尻: missing (elapsed 143.8m, ok=4012 miss=503)
[5550/8074] 田川市立病院: ok (elapsed 144.1m, ok=4019 miss=503)
[5558/8074] 田津: missing (elapsed 144.4m, ok=4026 miss=504)
[5562/8074] 田町: missing (elapsed 144.6m, ok=4029 miss=505)
[5563/8074] 田畑: missing (elapsed 144.7m, ok=4029 miss=506)
[5568/8074] 田端: missing (elapsed 144.9m, ok=4033 miss=507)
[5571/8074] 田辺: missing (elapsed 145.1m, ok=4035 miss=508)
[5573/8074] 田野: missing (elapsed 145.2m, ok=4036 miss=509)
[5575/8074] 田野口: ok (elapsed 145.3m, ok=4038 miss=509)
[5600/8074] 甲東園: ok (elapsed 146.2m, ok=4063 miss=509)
[5601/8074] 甲浦: missing (elapsed 146.3m, ok=4063 miss=510)
[5616/8074] 留萌: missing (elapsed 146.7m, ok=4077 miss=511)
[5622/8074] 番田: missing (elapsed 146.8m, ok=4082 miss=512)
[5625/8074] 発寒中央: ok (elapsed 146.9m, ok=4085 miss=512)
[5635/8074] 白山: missing (elapsed 147.2m, ok=4094 miss=513)
[5638/8074] 白島: missing (elapsed 147.3m, ok=4096 miss=514)
[5646/8074] 白沢: missing (elapsed 147.5m, ok=4103 miss=515)
[5647/8074] 白沢渓谷: missing (elapsed 147.6m, ok=4103 miss=516)
[5650/8074] 白浜の宮: ok (elapsed 147.7m, ok=4106 miss=516)
[5652/8074] 白石: missing (elapsed 147.8m, ok=4107 miss=517)
[5675/8074] 益生: ok (elapsed 148.3m, ok=4130 miss=517)
[5685/8074] 直別: missing (elapsed 148.6m, ok=4139 miss=518)
[5700/8074] 相模沼田: ok (elapsed 149.0m, ok=4154 miss=518)
[5706/8074] 相生: missing (elapsed 149.2m, ok=4159 miss=519)
[5709/8074] 相老: missing (elapsed 149.3m, ok=4161 miss=520)
[5717/8074] 県庁前: missing (elapsed 149.6m, ok=4168 miss=521)
[5721/8074] 県立大学: missing (elapsed 149.7m, ok=4171 miss=522)
[5725/8074] 真倉: ok (elapsed 149.9m, ok=4175 miss=522)
[5729/8074] 真布: missing (elapsed 150.0m, ok=4178 miss=523)
[5750/8074] 矢板: ok (elapsed 150.6m, ok=4199 miss=523)
[5751/8074] 矢田: missing (elapsed 150.7m, ok=4199 miss=524)
[5758/8074] 知内: missing (elapsed 151.0m, ok=4205 miss=525)
[5768/8074] 知来乙: missing (elapsed 151.2m, ok=4214 miss=526)
[5773/8074] 石井: missing (elapsed 151.4m, ok=4218 miss=527)
[5775/8074] 石倉: ok (elapsed 151.4m, ok=4220 miss=527)
[5779/8074] 石原: missing (elapsed 151.6m, ok=4223 miss=528)
[5791/8074] 石川: missing (elapsed 152.1m, ok=4234 miss=529)
[5800/8074] 石橋: missing (elapsed 152.4m, ok=4242 miss=530)
[5802/8074] 石津: missing (elapsed 152.6m, ok=4243 miss=531)
[5807/8074] 石狩月形: missing (elapsed 152.7m, ok=4247 miss=532)
[5808/8074] 石狩沼田: missing (elapsed 152.8m, ok=4247 miss=533)
[5809/8074] 石狩金沢: missing (elapsed 152.9m, ok=4247 miss=534)
[5811/8074] 石田: missing (elapsed 153.0m, ok=4248 miss=535)
[5815/8074] 石見川本: missing (elapsed 153.1m, ok=4251 miss=536)
[5816/8074] 石見川越: missing (elapsed 153.2m, ok=4251 miss=537)
[5817/8074] 石見松原: missing (elapsed 153.3m, ok=4251 miss=538)
[5821/8074] 石見簗瀬: missing (elapsed 153.4m, ok=4254 miss=539)
[5822/8074] 石見都賀: missing (elapsed 153.5m, ok=4254 miss=540)
[5823/8074] 石谷: missing (elapsed 153.6m, ok=4254 miss=541)
[5825/8074] 石部: ok (elapsed 153.6m, ok=4256 miss=541)
[5846/8074] 磐田: missing (elapsed 154.1m, ok=4276 miss=542)
[5850/8074] 磯子: ok (elapsed 154.2m, ok=4280 miss=542)
[5853/8074] 磯部: missing (elapsed 154.3m, ok=4282 miss=543)
[5860/8074] 祇園: missing (elapsed 154.6m, ok=4288 miss=544)
[5869/8074] 神代: missing (elapsed 154.9m, ok=4296 miss=545)
[5870/8074] 神代（鍋島邸前）: missing (elapsed 155.0m, ok=4296 miss=546)
[5874/8074] 神前: missing (elapsed 155.2m, ok=4299 miss=547)
[5875/8074] 神城: ok (elapsed 155.2m, ok=4300 miss=547)
[5882/8074] 神宮西: missing (elapsed 155.4m, ok=4306 miss=548)
[5886/8074] 神戸: missing (elapsed 155.5m, ok=4309 miss=549)
[5887/8074] 神戸三宮: missing (elapsed 155.6m, ok=4309 miss=550)
[5889/8074] 神明: missing (elapsed 155.7m, ok=4310 miss=551)
[5900/8074] 神田: missing (elapsed 156.0m, ok=4320 miss=552)
[5901/8074] 神田（交通局前）: missing (elapsed 156.2m, ok=4320 miss=553)
[5915/8074] 福井: missing (elapsed 156.6m, ok=4333 miss=554)
[5918/8074] 福井駅: missing (elapsed 156.7m, ok=4335 miss=555)
[5925/8074] 福大前西福井: ok (elapsed 157.0m, ok=4342 miss=555)
[5928/8074] 福岡: missing (elapsed 157.1m, ok=4344 miss=556)
[5930/8074] 福島: missing (elapsed 157.2m, ok=4345 miss=557)
[5949/8074] 福野: missing (elapsed 158.0m, ok=4363 miss=558)
[5950/8074] 福間: ok (elapsed 158.0m, ok=4364 miss=558)
[5962/8074] 秩父別: missing (elapsed 158.4m, ok=4375 miss=559)
[5971/8074] 稲子: missing (elapsed 158.7m, ok=4383 miss=560)
[5975/8074] 稲梓: ok (elapsed 158.8m, ok=4387 miss=560)
[5988/8074] 稲荷町: missing (elapsed 159.1m, ok=4399 miss=561)
[5995/8074] 穴太: missing (elapsed 159.3m, ok=4405 miss=562)
[5997/8074] 穴川: missing (elapsed 159.4m, ok=4406 miss=563)
[6000/8074] 穴部: ok (elapsed 159.4m, ok=4409 miss=563)
[6001/8074] 空港第2ビル: missing (elapsed 159.5m, ok=4409 miss=564)
[6004/8074] 竈山: missing (elapsed 159.6m, ok=4411 miss=565)
[6015/8074] 立石: missing (elapsed 159.9m, ok=4421 miss=566)
[6018/8074] 立野: missing (elapsed 160.0m, ok=4423 miss=567)
[6025/8074] 竜田口: ok (elapsed 160.2m, ok=4430 miss=567)
[6033/8074] 競艇場前: missing (elapsed 160.4m, ok=4437 miss=568)
[6034/8074] 競輪場前: missing (elapsed 160.5m, ok=4437 miss=569)
[6035/8074] 競馬場前: missing (elapsed 160.7m, ok=4437 miss=570)
[6036/8074] 竹: missing (elapsed 160.8m, ok=4437 miss=571)
[6046/8074] 竹田: missing (elapsed 161.1m, ok=4446 miss=572)
[6050/8074] 笑内: ok (elapsed 161.2m, ok=4450 miss=572)
[6069/8074] 笹塚: missing (elapsed 161.8m, ok=4468 miss=573)
[6071/8074] 等持院・立命館大学衣笠キャンパス前: missing (elapsed 161.9m, ok=4469 miss=574)
[6075/8074] 筑前大分: ok (elapsed 162.0m, ok=4473 miss=574)
[6086/8074] 筑波山頂: missing (elapsed 162.3m, ok=4483 miss=575)
[6091/8074] 筒井: missing (elapsed 162.5m, ok=4487 miss=576)
[6100/8074] 箱崎九大前: ok (elapsed 162.7m, ok=4496 miss=576)
[6107/8074] 節婦: missing (elapsed 162.9m, ok=4502 miss=577)
[6114/8074] 篠原: missing (elapsed 163.2m, ok=4508 miss=578)
[6125/8074] 米子: ok (elapsed 163.5m, ok=4519 miss=578)
[6136/8074] 粕淵: missing (elapsed 163.8m, ok=4529 miss=579)
[6139/8074] 粟屋: missing (elapsed 164.0m, ok=4531 miss=580)
[6141/8074] 粟津: missing (elapsed 164.1m, ok=4532 miss=581)
[6150/8074] 糸田: ok (elapsed 164.4m, ok=4541 miss=581)
[6153/8074] 糸魚沢: missing (elapsed 164.6m, ok=4543 miss=582)
[6175/8074] 紀伊田原: ok (elapsed 165.3m, ok=4565 miss=582)
[6184/8074] 紋穂内: missing (elapsed 165.6m, ok=4573 miss=583)
[6195/8074] 細浦: missing (elapsed 165.9m, ok=4583 miss=584)
[6197/8074] 細谷: missing (elapsed 166.0m, ok=4584 miss=585)
[6200/8074] 経田: ok (elapsed 166.1m, ok=4587 miss=585)
[6203/8074] 絵笛: missing (elapsed 166.2m, ok=4589 miss=586)
[6218/8074] 綿内: missing (elapsed 166.6m, ok=4603 miss=587)
[6225/8074] 緑: ok (elapsed 166.7m, ok=4610 miss=587)
[6226/8074] 緑が丘: missing (elapsed 166.8m, ok=4610 miss=588)
[6243/8074] 美々: missing (elapsed 167.2m, ok=4626 miss=589)
[6250/8074] 美作千代: ok (elapsed 167.3m, ok=4633 miss=589)
[6264/8074] 美女平: missing (elapsed 167.7m, ok=4646 miss=590)
[6275/8074] 美濃山崎: ok (elapsed 167.9m, ok=4657 miss=590)
[6300/8074] 羽倉崎: ok (elapsed 168.4m, ok=4682 miss=590)
[6309/8074] 羽場: missing (elapsed 168.7m, ok=4690 miss=591)
[6325/8074] 羽生: ok (elapsed 169.1m, ok=4706 miss=591)
[6327/8074] 羽田空港第1ターミナル: missing (elapsed 169.2m, ok=4707 miss=592)
[6328/8074] 羽田空港第1・第2ターミナル: missing (elapsed 169.3m, ok=4707 miss=593)
[6329/8074] 羽田空港第2ターミナル: missing (elapsed 169.4m, ok=4707 miss=594)
[6330/8074] 羽田空港第3ターミナル: missing (elapsed 169.5m, ok=4707 miss=595)
[6335/8074] 羽黒: missing (elapsed 169.7m, ok=4711 miss=596)
[6349/8074] 肥前山口: missing (elapsed 170.1m, ok=4724 miss=597)
[6350/8074] 肥前旭: ok (elapsed 170.1m, ok=4725 miss=597)
[6375/8074] 能登二宮: ok (elapsed 170.6m, ok=4750 miss=597)
[6389/8074] 自由が丘: missing (elapsed 171.0m, ok=4763 miss=598)
[6390/8074] 自由ヶ丘: missing (elapsed 171.1m, ok=4763 miss=599)
[6400/8074] 舞子公園: ok (elapsed 171.3m, ok=4773 miss=599)
[6404/8074] 舞田: missing (elapsed 171.4m, ok=4776 miss=600)
[6414/8074] 船佐: missing (elapsed 171.7m, ok=4785 miss=601)
[6416/8074] 船尾: missing (elapsed 171.8m, ok=4786 miss=602)
[6417/8074] 船岡: missing (elapsed 171.8m, ok=4786 miss=603)
[6425/8074] 船津: missing (elapsed 172.1m, ok=4793 miss=604)
[6429/8074] 良川: missing (elapsed 172.2m, ok=4796 miss=605)
[6442/8074] 芦屋: missing (elapsed 172.5m, ok=4808 miss=606)
[6444/8074] 芦川: missing (elapsed 172.6m, ok=4809 miss=607)
[6448/8074] 花園: missing (elapsed 172.8m, ok=4812 miss=608)
[6450/8074] 花堂: ok (elapsed 172.8m, ok=4814 miss=608)
[6475/8074] 若松河田: ok (elapsed 173.3m, ok=4839 miss=608)
[6476/8074] 若林: missing (elapsed 173.4m, ok=4839 miss=609)
[6484/8074] 若穂: missing (elapsed 173.6m, ok=4846 miss=610)
[6500/8074] 茂里町: ok (elapsed 174.0m, ok=4862 miss=610)
[6507/8074] 茨木: missing (elapsed 0.3m, ok=6 miss=1)
[6512/8074] 茶山: missing (elapsed 0.4m, ok=10 miss=2)
[6518/8074] 草津: missing (elapsed 0.6m, ok=15 miss=3)
[6520/8074] 草薙: missing (elapsed 0.7m, ok=16 miss=4)
[6522/8074] 草野: missing (elapsed 0.8m, ok=17 miss=5)
[6525/8074] 荒井: missing (elapsed 0.9m, ok=19 miss=6)
[6528/8074] 荒尾: missing (elapsed 1.1m, ok=21 miss=7)
[6538/8074] 荒木: missing (elapsed 1.3m, ok=30 miss=8)
[6544/8074] 荒町: missing (elapsed 1.6m, ok=35 miss=9)
[6550/8074] 荻伏: missing (elapsed 1.8m, ok=40 miss=10)
[6560/8074] 菊川: missing (elapsed 2.0m, ok=49 miss=11)
[6570/8074] 萩原: missing (elapsed 2.3m, ok=58 miss=12)
[6573/8074] 萩浦小学校前: missing (elapsed 2.4m, ok=60 miss=13)
[6575/8074] 萱島: ok (elapsed 2.5m, ok=62 miss=13)
[6578/8074] 落合: missing (elapsed 2.6m, ok=64 miss=14)
[6593/8074] 蒔田: missing (elapsed 2.9m, ok=78 miss=15)
[6595/8074] 蒲池: missing (elapsed 3.1m, ok=79 miss=16)
[6600/8074] 蒲郡競艇場前: ok (elapsed 3.1m, ok=84 miss=16)
[6602/8074] 蓬栄: missing (elapsed 3.3m, ok=85 miss=17)
[6618/8074] 蕨岱: missing (elapsed 3.7m, ok=100 miss=18)
[6625/8074] 薩摩高城: ok (elapsed 3.9m, ok=107 miss=18)
[6627/8074] 薬師堂: missing (elapsed 4.0m, ok=108 miss=19)
[6633/8074] 藤が丘: missing (elapsed 4.1m, ok=113 miss=20)
[6642/8074] 藤崎: missing (elapsed 4.4m, ok=121 miss=21)
[6644/8074] 藤川: missing (elapsed 4.5m, ok=122 miss=22)
[6650/8074] 藤沢: ok (elapsed 4.6m, ok=128 miss=22)
[6660/8074] 蘇原: missing (elapsed 4.9m, ok=137 miss=23)
[6670/8074] 虹: missing (elapsed 5.1m, ok=146 miss=24)
[6675/8074] 蛇田: ok (elapsed 5.2m, ok=151 miss=24)
[6700/8074] 襟野々: ok (elapsed 5.7m, ok=176 miss=24)
[6701/8074] 西11丁目: missing (elapsed 5.8m, ok=176 miss=25)
[6702/8074] 西15丁目: missing (elapsed 5.9m, ok=176 miss=26)
[6703/8074] 西18丁目: missing (elapsed 6.0m, ok=176 miss=27)
[6704/8074] 西28丁目: missing (elapsed 6.1m, ok=176 miss=28)
[6705/8074] 西4丁目: missing (elapsed 6.1m, ok=176 miss=29)
[6706/8074] 西8丁目: missing (elapsed 6.2m, ok=176 miss=30)
[6725/8074] 西代: ok (elapsed 6.7m, ok=195 miss=30)
[6740/8074] 西原: missing (elapsed 7.0m, ok=209 miss=31)
[6743/8074] 西台: missing (elapsed 7.2m, ok=211 miss=32)
[6750/8074] 西国立: ok (elapsed 7.3m, ok=218 miss=32)
[6774/8074] 西宮: missing (elapsed 7.8m, ok=241 miss=33)
[6775/8074] 西宮北口: ok (elapsed 7.9m, ok=242 miss=33)
[6789/8074] 西山: missing (elapsed 8.2m, ok=255 miss=34)
[6790/8074] 西山(新潟県): missing (elapsed 8.4m, ok=255 miss=35)
[6800/8074] 西川口: ok (elapsed 8.6m, ok=265 miss=35)
[6822/8074] 西新湊: missing (elapsed 9.1m, ok=286 miss=36)
[6825/8074] 西日暮里: ok (elapsed 9.1m, ok=289 miss=36)
[6835/8074] 西条: missing (elapsed 9.4m, ok=298 miss=37)
[6850/8074] 西武立川: ok (elapsed 9.7m, ok=313 miss=37)
[6870/8074] 西田井: missing (elapsed 10.1m, ok=332 miss=38)
[6875/8074] 西畑: ok (elapsed 10.2m, ok=337 miss=38)
[6888/8074] 西線11条: missing (elapsed 10.6m, ok=349 miss=39)
[6889/8074] 西線14条: missing (elapsed 10.6m, ok=349 miss=40)
[6890/8074] 西線16条: missing (elapsed 10.7m, ok=349 miss=41)
[6891/8074] 西線6条: missing (elapsed 10.8m, ok=349 miss=42)
[6892/8074] 西線9条旭山公園通: missing (elapsed 10.9m, ok=349 miss=43)
[6900/8074] 西荻窪: ok (elapsed 11.0m, ok=357 miss=43)
[6925/8074] 西鉄柳川: ok (elapsed 11.6m, ok=382 miss=43)
[6927/8074] 西鉄福岡（天神）: missing (elapsed 11.8m, ok=383 miss=44)
[6934/8074] 西院: missing (elapsed 12.0m, ok=389 miss=45)
[6949/8074] 西黒崎: missing (elapsed 12.4m, ok=403 miss=46)
[6950/8074] 要町: ok (elapsed 12.4m, ok=404 miss=46)
[6963/8074] 観音寺: missing (elapsed 12.7m, ok=416 miss=47)
[6964/8074] 観音町: missing (elapsed 12.8m, ok=416 miss=48)
[6971/8074] 試験場前: missing (elapsed 13.0m, ok=422 miss=49)
[6975/8074] 読売ランド前: ok (elapsed 13.1m, ok=426 miss=49)
[7000/8074] 谷在家: ok (elapsed 13.6m, ok=451 miss=49)
[7003/8074] 谷山: missing (elapsed 13.8m, ok=453 miss=50)
[7023/8074] 豊岡: missing (elapsed 14.2m, ok=472 miss=51)
[7025/8074] 豊島園: ok (elapsed 14.3m, ok=474 miss=51)
[7026/8074] 豊川: missing (elapsed 14.3m, ok=474 miss=52)
[7047/8074] 豊津: missing (elapsed 14.8m, ok=494 miss=53)
[7050/8074] 豊浜: ok (elapsed 14.9m, ok=497 miss=53)
[7052/8074] 豊清水: missing (elapsed 15.0m, ok=498 miss=54)
[7053/8074] 豊田: missing (elapsed 15.1m, ok=498 miss=55)
[7058/8074] 豊郷: missing (elapsed 15.2m, ok=502 miss=56)
[7062/8074] 象山口: missing (elapsed 15.4m, ok=505 miss=57)
[7066/8074] 貝塚: missing (elapsed 15.5m, ok=508 miss=58)
[7072/8074] 貴志: missing (elapsed 15.7m, ok=513 miss=59)
[7075/8074] 貿易センター: ok (elapsed 15.7m, ok=516 miss=59)
[7087/8074] 赤坂: missing (elapsed 16.0m, ok=527 miss=60)
[7091/8074] 赤城: missing (elapsed 16.3m, ok=530 miss=61)
[7093/8074] 赤塚: missing (elapsed 16.4m, ok=531 miss=62)
[7098/8074] 赤木: missing (elapsed 16.5m, ok=535 miss=63)
[7100/8074] 赤池: missing (elapsed 16.6m, ok=536 miss=64)
[7125/8074] 越中荏原: ok (elapsed 17.1m, ok=561 miss=64)
[7133/8074] 越前武生: missing (elapsed 17.4m, ok=568 miss=65)
[7150/8074] 越生: ok (elapsed 17.9m, ok=585 miss=65)
[7158/8074] 足柄: missing (elapsed 18.1m, ok=592 miss=66)
[7175/8074] 農学部前: ok (elapsed 18.4m, ok=609 miss=66)
[7200/8074] 近鉄弥富: ok (elapsed 19.0m, ok=634 miss=66)
[7208/8074] 追分: missing (elapsed 19.2m, ok=641 miss=67)
[7209/8074] 追分(北海道): missing (elapsed 19.4m, ok=641 miss=68)
[7225/8074] 遊佐: ok (elapsed 19.7m, ok=657 miss=68)
[7226/8074] 運動公園: missing (elapsed 19.8m, ok=657 miss=69)
[7227/8074] 運動公園前: missing (elapsed 19.9m, ok=657 miss=70)
[7250/8074] 遠賀川: ok (elapsed 20.3m, ok=680 miss=70)
[7268/8074] 郡元: missing (elapsed 20.7m, ok=697 miss=71)
[7270/8074] 郡山: missing (elapsed 20.9m, ok=698 miss=72)
[7275/8074] 都島: ok (elapsed 21.0m, ok=703 miss=72)
[7295/8074] 醍醐: missing (elapsed 0.3m, ok=10 miss=1)
[7300/8074] 重原: ok (elapsed 0.4m, ok=15 miss=1)
[7305/8074] 野々市: missing (elapsed 0.6m, ok=19 miss=2)
[7313/8074] 野崎: missing (elapsed 0.8m, ok=26 miss=3)
[7325/8074] 野田: missing (elapsed 1.1m, ok=37 miss=4)
[7347/8074] 金井山: missing (elapsed 1.6m, ok=58 miss=5)
[7350/8074] 金城ふ頭: ok (elapsed 1.6m, ok=61 miss=5)
[7352/8074] 金屋: missing (elapsed 1.7m, ok=62 miss=6)
[7353/8074] 金山: missing (elapsed 1.8m, ok=62 miss=7)
[7354/8074] 金島: missing (elapsed 1.9m, ok=62 miss=8)
[7368/8074] 金町: missing (elapsed 2.3m, ok=75 miss=9)
[7375/8074] 釜ヶ淵: ok (elapsed 2.4m, ok=82 miss=9)
[7394/8074] 銀座一丁目: missing (elapsed 2.8m, ok=100 miss=10)
[7397/8074] 銚子口: missing (elapsed 3.0m, ok=102 miss=11)
[7399/8074] 銭座町: missing (elapsed 3.1m, ok=103 miss=12)
[7400/8074] 錦: ok (elapsed 3.1m, ok=104 miss=12)
[7425/8074] 長久手古戦場: ok (elapsed 3.6m, ok=129 miss=12)
[7427/8074] 長原: missing (elapsed 3.7m, ok=130 miss=13)
[7432/8074] 長尾: missing (elapsed 3.9m, ok=134 miss=14)
[7441/8074] 長崎: missing (elapsed 4.1m, ok=142 miss=15)
[7450/8074] 長池: ok (elapsed 4.3m, ok=151 miss=15)
[7451/8074] 長沼: missing (elapsed 4.4m, ok=151 miss=16)
[7456/8074] 長浦: missing (elapsed 4.5m, ok=155 miss=17)
[7459/8074] 長瀬: missing (elapsed 4.6m, ok=157 miss=18)
[7460/8074] 長田: missing (elapsed 4.7m, ok=157 miss=19)
[7465/8074] 長者ヶ浜潮騒はまなす公園前: missing (elapsed 4.9m, ok=161 miss=20)
[7469/8074] 長谷: missing (elapsed 5.0m, ok=164 miss=21)
[7475/8074] 長野原草津口: ok (elapsed 5.2m, ok=170 miss=21)
[7500/8074] 門静: ok (elapsed 5.6m, ok=195 miss=21)
[7511/8074] 関: missing (elapsed 6.0m, ok=205 miss=22)
[7519/8074] 関屋: missing (elapsed 6.2m, ok=212 miss=23)
[7525/8074] 関目高殿: ok (elapsed 6.4m, ok=218 miss=23)
[7542/8074] 阿品: missing (elapsed 6.8m, ok=234 miss=24)
[7544/8074] 阿夫利神社: missing (elapsed 6.9m, ok=235 miss=25)
[7550/8074] 阿母崎: ok (elapsed 7.0m, ok=241 miss=25)
[7571/8074] 阿蘇下田城ふれあい温泉: missing (elapsed 7.5m, ok=261 miss=26)
[7575/8074] 陣原: ok (elapsed 7.5m, ok=265 miss=26)
[7590/8074] 陸前高田: missing (elapsed 8.0m, ok=279 miss=27)
[7600/8074] 隼: ok (elapsed 8.2m, ok=289 miss=27)
[7605/8074] 雑司が谷: missing (elapsed 8.3m, ok=293 miss=28)
[7608/8074] 難波: missing (elapsed 8.5m, ok=295 miss=29)
[7609/8074] 雨宮: missing (elapsed 8.5m, ok=295 miss=30)
[7615/8074] 雲泉寺: missing (elapsed 8.7m, ok=300 miss=31)
[7625/8074] 霊丘公園体育館: ok (elapsed 8.9m, ok=310 miss=31)
[7626/8074] 霞ヶ丘: missing (elapsed 9.0m, ok=310 miss=32)
[7628/8074] 霞ヶ関: missing (elapsed 9.1m, ok=311 miss=33)
[7634/8074] 青函トンネル記念館: missing (elapsed 9.3m, ok=316 miss=34)
[7638/8074] 青山: missing (elapsed 9.4m, ok=319 miss=35)
[7644/8074] 青梅: missing (elapsed 9.6m, ok=324 miss=36)
[7647/8074] 青海: missing (elapsed 9.7m, ok=326 miss=37)
[7650/8074] 青葉: ok (elapsed 9.8m, ok=329 miss=37)
[7660/8074] 静内: missing (elapsed 10.1m, ok=338 miss=38)
[7675/8074] 音沢: ok (elapsed 10.4m, ok=353 miss=38)
[7698/8074] 額田: missing (elapsed 10.9m, ok=375 miss=39)
[7700/8074] 風早: ok (elapsed 10.9m, ok=377 miss=39)
[7724/8074] 飯田: missing (elapsed 11.5m, ok=400 miss=40)
[7725/8074] 飯田岡: ok (elapsed 11.5m, ok=401 miss=40)
[7750/8074] 香椎: ok (elapsed 12.0m, ok=426 miss=40)
[7755/8074] 香淀: missing (elapsed 12.2m, ok=430 miss=41)
[7775/8074] 馬込沢: ok (elapsed 12.6m, ok=450 miss=41)
[7800/8074] 高井戸: ok (elapsed 13.1m, ok=475 miss=41)
[7801/8074] 高井田: missing (elapsed 13.2m, ok=475 miss=42)
[7815/8074] 高宮: missing (elapsed 13.5m, ok=488 miss=43)
[7816/8074] 高尾: missing (elapsed 13.6m, ok=488 miss=44)
[7823/8074] 高岡駅: missing (elapsed 13.8m, ok=494 miss=45)
[7824/8074] 高岩: missing (elapsed 13.9m, ok=494 miss=46)
[7825/8074] 高岳: ok (elapsed 13.9m, ok=495 miss=46)
[7826/8074] 高島: missing (elapsed 14.0m, ok=495 miss=47)
[7838/8074] 高木: missing (elapsed 14.3m, ok=506 miss=48)
[7839/8074] 高松: missing (elapsed 14.4m, ok=506 miss=49)
[7850/8074] 高水: ok (elapsed 14.6m, ok=517 miss=49)
[7851/8074] 高津: missing (elapsed 14.7m, ok=517 miss=50)
[7852/8074] 高浜: missing (elapsed 14.8m, ok=517 miss=51)
[7854/8074] 高清水: missing (elapsed 14.9m, ok=518 miss=52)
[7856/8074] 高瀬: missing (elapsed 15.0m, ok=519 miss=53)
[7857/8074] 高田: missing (elapsed 15.0m, ok=519 miss=54)
[7871/8074] 高砂: missing (elapsed 15.4m, ok=532 miss=55)
[7875/8074] 高萩: ok (elapsed 15.5m, ok=536 miss=55)
[7886/8074] 高野: missing (elapsed 15.7m, ok=546 miss=56)
[7892/8074] 高須: missing (elapsed 15.9m, ok=551 miss=57)
[7900/8074] 鬼怒川温泉: ok (elapsed 16.1m, ok=559 miss=57)
[7910/8074] 鮎川: missing (elapsed 16.3m, ok=568 miss=58)
[7925/8074] 鳥取大学前: ok (elapsed 16.6m, ok=583 miss=58)
[7947/8074] 鴨宮: missing (elapsed 17.1m, ok=604 miss=59)
[7950/8074] 鴨川: ok (elapsed 17.2m, ok=607 miss=59)
[7965/8074] 鵜飼: missing (elapsed 17.6m, ok=621 miss=60)
[7975/8074] 鶴丸: ok (elapsed 17.8m, ok=631 miss=60)
[8000/8074] 鷹ノ巣: ok (elapsed 18.3m, ok=656 miss=60)
[8008/8074] 鹿ノ谷: missing (elapsed 18.5m, ok=663 miss=61)
[8025/8074] 鹿王院: ok (elapsed 18.8m, ok=680 miss=61)
[8028/8074] 鹿賀: missing (elapsed 19.0m, ok=682 miss=62)
[8035/8074] 黄檗: missing (elapsed 19.2m, ok=688 miss=63)
[8037/8074] 黄金: missing (elapsed 19.3m, ok=689 miss=64)
[8039/8074] 黒井: missing (elapsed 19.4m, ok=690 miss=65)
[8047/8074] 黒川: missing (elapsed 19.6m, ok=697 miss=66)
[8048/8074] 黒松: missing (elapsed 19.7m, ok=697 miss=67)
[8050/8074] 黒江: ok (elapsed 19.7m, ok=699 miss=67)
[8051/8074] 黒沢: missing (elapsed 19.8m, ok=699 miss=68)
[8052/8074] 黒田: missing (elapsed 19.9m, ok=699 miss=69)
[8055/8074] 黒石: missing (elapsed 20.0m, ok=701 miss=70)
[8060/8074] 黒部ダム: missing (elapsed 20.2m, ok=705 miss=71)
[8062/8074] 黒部平: missing (elapsed 20.3m, ok=706 miss=72)
[8063/8074] 黒部湖: missing (elapsed 20.4m, ok=706 miss=73)
[8068/8074] 鼠ケ関(山形県): missing (elapsed 20.6m, ok=710 miss=74)
[8069/8074] 龍ケ崎市: missing (elapsed 20.7m, ok=710 miss=75)
[8073/8074] 龍谷富山高校前（永楽町）: missing (elapsed 20.9m, ok=713 miss=76)

DONE: ok=714 missing=76 cached=7284 total=8074 elapsed=20.9min
